
> nexorastudio@0.0.0 build
> vite build

[36mvite v8.0.10 [32mbuilding client environment for production...[36m[39m
[2K
transforming...Γ£ô 3122 modules transformed.
node.exe : [31mΓ£ù[39m Build failed in 675ms
At line:1 char:1
+ & "C:\Program Files\nodejs/node.exe" "C:\Program Files\nodejs/node_mo ...
+ ~~~~~~~~~~~~~~~~~~~~~~~~~~~~~~~~~~~~~~~~~~~~~~~~~~~~~~~~~~~~~~~~~~~~~
    + CategoryInfo          : NotSpecified: ([31mΓ£ù[39m Build failed in 675ms:String) [], RemoteException
    + FullyQualifiedErrorId : NativeCommandError
 
[31merror during build:
[31mBuild failed with 2 errors:

[31m[builtin:vite-transform] Error:[0m Invalid Unicode escape sequence
     [38;5;246mΓò¡[0m[38;5;246mΓöÇ[0m[38;5;246m[[0m src/components/sections/Configurator.jsx:117:42 
[38;5;246m][0m
     [38;5;246mΓöé[0m
 [38;5;246m117 Γöé[0m [38;5;249m [0m[38;5;249m [0m[38;5;249m [0m[38;5;249m [0m[38;5;249m [0m[38;5;249m 
[0m[38;5;249m [0m[38;5;249m [0m[38;5;249m [0m[38;5;249m [0m[38;5;249m [0m[38;5;249m [0m[38;5;249m 
[0m[38;5;249m [0m[38;5;249m [0m[38;5;249m [0m[38;5;249m [0m[38;5;249m [0m[38;5;249m [0m[38;5;249m 
[0m[38;5;249m [0m[38;5;249m [0m[38;5;249ma[0m[38;5;249mn[0m[38;5;249mi[0m[38;5;249mm[0m[38;5;249ma[0m[3
8;5;249mt[0m[38;5;249me[0m[38;5;249m=[0m[38;5;249m{[0m[38;5;249m{[0m[38;5;249m 
[0m[38;5;249mw[0m[38;5;249mi[0m[38;5;249md[0m[38;5;249mt[0m[38;5;249mh[0m[38;5;249m:[0m[38;5;249m [0m[3
8;5;249m\[0m`[38;5;249m\[0m[38;5;249m$[0m[38;5;249m{[0m[38;5;249mM[0m[38;5;249ma[0m[38;5;249mt[0m[38;5;24
9mh[0m[38;5;249m.[0m[38;5;249mm[0m[38;5;249mi[0m[38;5;249mn[0m[38;5;249m([0m[38;5;249m([0m[38;5;249me[0m
[38;5;249ms[0m[38;5;249mt[0m[38;5;249mi[0m[38;5;249mm[0m[38;5;249ma[0m[38;5;249mt[0m[38;5;249me[0m[38;5;
249m.[0m[38;5;249md[0m[38;5;249ma[0m[38;5;249my[0m[38;5;249ms[0m[38;5;249m [0m[38;5;249m/[0m[38;5;249m 
[0m[38;5;249m6[0m[38;5;249m0[0m[38;5;249m)[0m[38;5;249m [0m[38;5;249m*[0m[38;5;249m 
[0m[38;5;249m1[0m[38;5;249m0[0m[38;5;249m0[0m[38;5;249m,[0m[38;5;249m [0m[38;5;249m1[0m[38;5;249m0[0m[3
8;5;249m0[0m[38;5;249m)[0m[38;5;249m}[0m[38;5;249m%[0m[38;5;249m\[0m[38;5;249m`[0m[38;5;249m 
[0m[38;5;249m}[0m[38;5;249m}[0m
 [38;5;240m    Γöé[0m                                          Γö¼  
 [38;5;240m    Γöé[0m                                          Γò░ΓöÇΓöÇ 
[38;5;246mΓöÇΓöÇΓöÇΓöÇΓöÇΓò»[0m

[31m[builtin:vite-transform] Error:[0m Invalid Unicode escape sequence
     [38;5;246mΓò¡[0m[38;5;246mΓöÇ[0m[38;5;246m[[0m src/components/sections/Configurator.jsx:117:44 
[38;5;246m][0m
     [38;5;246mΓöé[0m
 [38;5;246m117 Γöé[0m [38;5;249m [0m[38;5;249m [0m[38;5;249m [0m[38;5;249m [0m[38;5;249m [0m[38;5;249m 
[0m[38;5;249m [0m[38;5;249m [0m[38;5;249m [0m[38;5;249m [0m[38;5;249m [0m[38;5;249m [0m[38;5;249m 
[0m[38;5;249m [0m[38;5;249m [0m[38;5;249m [0m[38;5;249m [0m[38;5;249m [0m[38;5;249m [0m[38;5;249m 
[0m[38;5;249m [0m[38;5;249m [0m[38;5;249ma[0m[38;5;249mn[0m[38;5;249mi[0m[38;5;249mm[0m[38;5;249ma[0m[3
8;5;249mt[0m[38;5;249me[0m[38;5;249m=[0m[38;5;249m{[0m[38;5;249m{[0m[38;5;249m 
[0m[38;5;249mw[0m[38;5;249mi[0m[38;5;249md[0m[38;5;249mt[0m[38;5;249mh[0m[38;5;249m:[0m[38;5;249m [0m[3
8;5;249m\[0m[38;5;249m`[0m[38;5;249m\[0m$[38;5;249m{[0m[38;5;249mM[0m[38;5;249ma[0m[38;5;249mt[0m[38;5;24
9mh[0m[38;5;249m.[0m[38;5;249mm[0m[38;5;249mi[0m[38;5;249mn[0m[38;5;249m([0m[38;5;249m([0m[38;5;249me[0m
[38;5;249ms[0m[38;5;249mt[0m[38;5;249mi[0m[38;5;249mm[0m[38;5;249ma[0m[38;5;249mt[0m[38;5;249me[0m[38;5;
249m.[0m[38;5;249md[0m[38;5;249ma[0m[38;5;249my[0m[38;5;249ms[0m[38;5;249m [0m[38;5;249m/[0m[38;5;249m 
[0m[38;5;249m6[0m[38;5;249m0[0m[38;5;249m)[0m[38;5;249m [0m[38;5;249m*[0m[38;5;249m 
[0m[38;5;249m1[0m[38;5;249m0[0m[38;5;249m0[0m[38;5;249m,[0m[38;5;249m [0m[38;5;249m1[0m[38;5;249m0[0m[3
8;5;249m0[0m[38;5;249m)[0m[38;5;249m}[0m[38;5;249m%[0m[38;5;249m\[0m[38;5;249m`[0m[38;5;249m 
[0m[38;5;249m}[0m[38;5;249m}[0m
 [38;5;240m    Γöé[0m                                            Γö¼  
 [38;5;240m    Γöé[0m                                            Γò░ΓöÇΓöÇ 
[38;5;246mΓöÇΓöÇΓöÇΓöÇΓöÇΓò»[0m
[31m
    at aggregateBindingErrorsIntoJsError 
(file:///M:/PROJECT%20FILES/Business%20Website/Nexora/node_modules/rolldown/dist/shared/error-DL-e8-oE.mjs:48:18)
    at unwrapBindingResult 
(file:///M:/PROJECT%20FILES/Business%20Website/Nexora/node_modules/rolldown/dist/shared/error-DL-e8-oE.mjs:18:128)
    at #build (file:///M:/PROJECT%20FILES/Business%20Website/Nexora/node_modules/rolldown/dist/shared/rolldown-build-DS
xL8qiP.mjs:3317:34)
    at async buildEnvironment 
(file:///M:/PROJECT%20FILES/Business%20Website/Nexora/node_modules/vite/dist/node/chunks/node.js:33018:64)
    at async Object.build 
(file:///M:/PROJECT%20FILES/Business%20Website/Nexora/node_modules/vite/dist/node/chunks/node.js:33440:19)
    at async Object.buildApp 
(file:///M:/PROJECT%20FILES/Business%20Website/Nexora/node_modules/vite/dist/node/chunks/node.js:33437:153)
    at async CAC.<anonymous> 
(file:///M:/PROJECT%20FILES/Business%20Website/Nexora/node_modules/vite/dist/node/cli.js:778:3) {
  errors: [Getter/Setter]
}[39m
